       ┏━━━━━━━━━━━━━━━━━━━━━┓
┌─────▸┃ ✓ New task or issue ┃
│      ┗━━━━━━━━━━┯━━━━━━━━━━┛
│                 │
│                 ▾
│      ╭─────────────────────╮
│      │ ✓ Triage agent runs │◂───────────────────────────────────────────────────────┐
│      ╰──────────┬──────────╯                                                        │
│                 │                                                                   │
│                 ▾                                                                   │
│           ╔═══════════╗                                                             │
│           ║ ✓ Triage  ╟─[ Needs specs ]─┐                                           │
│           ║   outcome ║                 │                                           │
│           ╚════╤══════╝                 │                                           │
│                ├──────────────────────┬────[ Needs human clarifi… ]─┐               │
│        [ Automat-able ]               │ │                           │               │
│                │ ┌─[ Approved ]─┐     └─────[ Park for now ]────────────────────────│──────────────┐
│                ▾ ▾              │       │                           │               │              │
│       ╭──────────────────╮      │       │     ╭───────────────────╮ │   ╭───────────┴────────────╮ │  ┏━━━━━━━━━━━━━━━━━━━━━━┓
│       │ ▸ Implementation │◂───┐ │       └────▸│   Spec agent runs │ └──▸│   Human provides input │ └─▸┃   Park issue for now ┃
│       │   agent runs     │    │ │             ╰─────────┬─────────╯     ╰────────────────────────╯    ┗━━━━━━━━━━━━━━━━━━━━━━┛
│       ╰────────┬─────────╯    │ │                     ▴ │
│                │              │ │                     │ │
│                ▾              │ │  [ Needs revision ] │ │
│        ╭───────────────╮      │ │                     │ ▾
│        │   Code review │      │ │           ╭─────────┴────────────╮
│        │   agent runs  │      │ └───────────┤   Human review specs │
│        ╰───────┬───────╯      │             ╰──────────────────────╯
│                │              │
│                ▾              │
│       ╭────────────────╮      │
│       │   Verification │      │ [ Not ready ]
│       │   agent runs   │      │
│       ╰───────┬────────╯      │
│               │               │
│               ▾               │
│ ╭───────────────────────────╮ │
│ │   Human reviews code      │ │
│ │   and verification output │ │
│ ╰─────────────┬─────────────╯ │
│               │               │
│               ▾               │
│     ╔══════════════════╗      │
│     ║   Ready to ship? ╟──────┘
│     ╚════════╤═════════╝
│              │
│        [ Approved ]
│              │
│              ▾
│         ╭─────────╮
│         │   CI/CD │
│         ╰────┬────╯
│              │
│              ▾
│        ╭───────────╮
│        │   Ship it │
│        ╰─────┬─────╯
│              │
│              ▾
│      ╭──────────────╮
│      │   Monitoring │
│      │   agent runs │
│      ╰──────┬───────╯
│             │
│             ▾
│       ╔════════════╗
│       ║   Issue    ╟────┐
│       ║   detected ║    │
│       ╚═════╤══════╝    │
│             │           │
│  [ Yes - create issue ] │ [ No ]
│             │           │
│             ▾           │
│     ╭────────────────╮  │ ┏━━━━━━━━━━━━━━┓
│     │   Create issue │  └▸┃   Continue   ┃
│     ╰───────┬────────╯    ┃   monitoring ┃
│             │             ┗━━━━━━━━━━━━━━┛
│             ▾
│     ╭────────────────╮
└─────┤   Factory loop │
      │   continues    │
      ╰────────────────╯
