     ┏━━━━━━━━━━━━━━━┓
     ┃ ✓ New task or ┃◂───┐
     ┃   issue       ┃    │
     ┗━━━━━━┯━━━━━━━━┛    │
            ▾             │ ┌───[ Park for now ]─────────────────────────────────────────────────────────────────────────────────┐
    ╭────────────────╮    │ │                                                                                                    │
    │ ✓ Triage agent │◂───│──────────────────────────────────────────────────────────────────────┐                               │
    │   runs         │    │ │                                                                    │                               │
    ╰───────┬────────╯    │ ├───[ Needs human c… ]───────────────────────────────────────────────│─────────┐                     │
            ▾             │ │                                                                    │         │                     │
      ╔═══════════╗       │ │                                                                    │         │                     │
      ║ ✓ Triage  ╟───────│─┴─[ Needs specs ]────────────────────────────┐                       │         │                     │
      ║   outcome ║       │                                              │                       │         │                     │
      ╚════╤══════╝       │                                              │                       │         │                     │
           │              │          ╭────────────────╮                  │                       │         │                     │
   [ Automat-able ]       └──────────┤   Factory loop │                  │                       │         │                     │
           │                         │   continues    │                  │                       │         │                     │
           ▾                         ╰────────────────╯                  │                       │         ▾                     ▾
  ╭──────────────────╮                       ▴           ┏━━━━━━━━━━━━━━┓│ ╭───────────────────╮ │╭──────────────────╮  ┏━━━━━━━━━━━━━━━━━━┓
  │ ▸ Implementation │◂┐             ╭───────┴────────╮  ┃   Continue   ┃└▸│   Spec agent runs │ └┤   Human provides │  ┃   Park issue for ┃
  │   agent runs     │◂│──┐          │   Create issue │┌▸┃   monitoring ┃  ╰─────────┬─────────╯  │   input          │  ┃   now            ┃
  ╰────────┬─────────╯ │  │          ╰────────────────╯│ ┗━━━━━━━━━━━━━━┛          ▴ │            ╰──────────────────╯  ┗━━━━━━━━━━━━━━━━━━┛
           ▾           │  │                  ▴         │                           │ │
   ╭───────────────╮   │  │                  │      [ No ]      [ Needs revision ] │ │
   │   Code review │   │  │          [ Yes - create… ] │                           │ ▾
   │   agent runs  │   │  └───[ Approved ]───│─────────│───┐                ╭──────┴─────────╮
   ╰──────┬────────╯   │               ╔═════╧══════╗  │   └────────────────┤   Human review │
          ▾            │               ║   Issue    ╟──┘                    │   specs        │
  ╭────────────────╮   │               ║   detected ║                       ╰────────────────╯
  │   Verification │   │               ╚════════════╝
  │   agent runs   │   │ [ Not ready ]       ▴
  ╰───────┬────────╯   │              ╭──────┴───────╮
          ▾            │              │   Monitoring │
╭────────────────────╮ │              │   agent runs │
│   Human reviews    │ │              ╰──────────────╯
│   code             │ │                     ▴
│   and verification │ │                ╭────┴──────╮
│   output           │ │                │   Ship it │
╰─────────┬──────────╯ │                ╰───────────╯
          ▾            │                      ▴
 ╔══════════════════╗  │                 ╭────┴────╮
 ║   Ready to ship? ╟──┴───[ Approved ]─▸│   CI/CD │
 ╚══════════════════╝                    ╰─────────╯
