       ┏━━━━━━━━━━━━━━━┓
┌─────►┃ ✓ New task or ┃
│      ┃   issue       ┃
│      ┗━━━━━━┯━━━━━━━━┛
│             ▼
│     ╭────────────────╮
│     │ ✓ Triage agent │◄──────────────────────────────────────────────┐
│     │   runs         │                                               │
│     ╰───────┬────────╯                                               │
│             ▼       ┌───[ Park for now ]─────────────────────────────│────────
│       ╔═══════════╗ │                                                │
│       ║ ✓ Triage  ╟─┼─[ Needs specs ]───┐                            │
│       ║   outcome ║ │                   │                            │
│       ╚════╤══════╝ │                   │                            │
│            │        └───────────────────────[ Needs human… ]───────┐ │
│    [ Automat-able ]                     │                          │ │
│            │                            │                          │ │
│            ▼                            │                          ▼ │
│   ╭──────────────────╮                  │  ╭──────────────╮  ╭───────┴────╮  ┏
│ ┌►│ ▸ Implementation │◄──┐              └─►│   Spec agent │  │   Human    │  ┃
│ │ │   agent runs     │   │                 │   runs       │  │   provides │  ┃
│ │ ╰────────┬─────────╯   │                 ╰──────┬───────╯  │   input    │  ┗
│ │          ▼             │                        │ ▲        ╰────────────╯
│ │  ╭───────────────╮     │                        │ │
