           [90m┌──────────────────────────────────────────────────────────────────────────────────────────────────────────────────────────────────────────────────────────────────────────────────────────────────────────────────────────────────────────────────────────────────────────────────────────────────────────────────────────────────────────────────────────────┐[0m
           [90m│[0m                                                                                                                                                                                                                                                                                                                                                              [90m│[0m
           [90m│[0m                                                                                               [90m┌───[0m[34m[ Not ready ][0m[90m───────────────────────────────────────────────────────────────────────────────────┐[0m                                                                                                                                                  ╭───────┴────────╮
           [90m│[0m                                                                                               [90m▼[0m                                                                                                   [90m│[0m                                                             ╭──────────────╮    ╔════════════╗                             ╭────────────────╮    │   Factory loop │
           [90m▼[0m                                          [32m╔═══════════╗[0m                               [1;36m╭──────────────────╮[0m    ╭───────────────╮    ╭────────────────╮    ╭───────────────────────────╮    ╔════════╧═════════╗                   ╭─────────╮    ╭───────────╮    │   Monitoring ├[90m───[0m[90m►[0m║   Issue    ╟[90m─┬─[0m[34m[ Yes - create issue ][0m[90m───[0m[90m►[0m│   Create issue ├[90m───[0m[90m►[0m│   continues    │
[32m┏━━━━━━━━━━━━━━━━━━━━━┓[0m    [32m╭─────────────────────╮[0m    [32m║[0m [32m✓[0m Triage  [32m╟[0m[32m─┬─[0m[1;32m[ Automat-able ][0m[32m───────────[0m[32m►[0m[1;36m│[0m[1m [0m[36m▸[0m[1m Implementation [0m[1;36m├[0m[90m───[0m[90m►[0m│   Code review ├[90m───[0m[90m►[0m│   Verification ├[90m───[0m[90m►[0m│   Human reviews code      ├[90m───[0m[90m►[0m║   Ready to ship? ╟[90m───[0m[34m[ Approved ][0m[90m───[0m[90m►[0m│   CI/CD ├[90m───[0m[90m►[0m│   Ship it ├[90m───[0m[90m►[0m│   agent runs │    ║   detected ║ [90m│[0m                           ╰────────────────╯    ╰────────────────╯
[32m┃[0m [32m✓[0m New task or issue [32m┠[0m[32m───[0m[32m►[0m[32m│[0m [32m✓[0m Triage agent runs [32m├[0m[32m───[0m[32m►[0m[32m║[0m   outcome [32m║[0m [90m│[0m                             [1;36m│[0m[1m   agent runs     [0m[1;36m│[0m[90m◄[0m[90m┐[0m  │   agent runs  │    │   agent runs   │    │   and verification output │    ╚══════════════════╝                   ╰─────────╯    ╰───────────╯    ╰──────────────╯    ╚════════════╝ [90m│[0m
[32m┗━━━━━━━━━━━━━━━━━━━━━┛[0m    [32m╰─────────────────────╯[0m    [32m╚═══════════╝[0m [90m│[0m                             [1;36m╰──────────────────╯[0m [90m│[0m  ╰───────────────╯    ╰────────────────╯    ╰───────────────────────────╯                                                                                                              [90m│[0m
                                      [90m▲[0m                             [90m│[0m                                                  [90m│[0m                                                                                                                                                                                        [90m│[0m                           ┏━━━━━━━━━━━━━━┓
                                      [90m│[0m                             [90m│[0m                                                  [90m│[0m                                                                                                                                                                                        [90m└───[0m[34m[ No ][0m[90m─────────────────[0m[90m►[0m┃   Continue   ┃
                                      [90m│[0m                             [90m│[0m                                                  [90m└───[0m[34m[ Approved ][0m[90m──────────────────────┐[0m                                                                                                                                                                              ┃   monitoring ┃
                                      [90m│[0m                             [90m│[0m                                                                                        [90m│[0m                                                                                                                                                                              ┗━━━━━━━━━━━━━━┛
                                      [90m│[0m                             [90m│[0m                                       [90m┌───[0m[34m[ Needs revision ][0m[90m─────────────────────────┐[0m [90m│[0m
                                      [90m│[0m                             [90m│[0m                                       [90m▼[0m                                              [90m│[0m [90m│[0m
                                      [90m│[0m                             [90m│[0m                             ╭───────────────────╮                         ╭──────────┴─┴─────────╮
                                      [90m│[0m                             [90m├───[0m[34m[ Needs specs ][0m[90m──────────[0m[90m►[0m│   Spec agent runs ├[90m────────────────────────[0m[90m►[0m│   Human review specs │
                                      [90m│[0m                             [90m│[0m                             ╰───────────────────╯                         ╰──────────────────────╯
                                      [90m│[0m                             [90m│[0m
                                      [90m└─────────────────────────────────────────────────────────────┐[0m
                                                                    [90m│[0m                             ╭─┴──────────────────────╮
                                                                    [90m├───[0m[34m[ Needs human clarifi… ][0m[90m─[0m[90m►[0m│   Human provides input │
                                                                    [90m│[0m                             ╰────────────────────────╯
                                                                    [90m│[0m
                                                                    [90m│[0m
                                                                    [90m│[0m                             ┏━━━━━━━━━━━━━━━━━━━━━━┓
                                                                    [90m└───[0m[34m[ Park for now ][0m[90m─────────[0m[90m►[0m┃   Park issue for now ┃
                                                                                                  ┗━━━━━━━━━━━━━━━━━━━━━━┛
