                                                                                                       ┌───[ Not ready ]─────────────────────────────────────────────────────────────────┐
                                                                                                       ▾                                                                                 │
                                                  ╔═══════════╗                               ╭──────────────────╮  ╭───────────────╮  ╭────────────────╮  ╭───────────────────────────╮ │
┏━━━━━━━━━━━━━━━━━━━━━┓  ╭─────────────────────╮  ║ ✓ Triage  ╟───[ Automat-able ]───────────▸│ ▸ Implementation ├─▸│   Code review ├─▸│   Verification ├─▸│   Human reviews code      │ │
┃ ✓ New task or issue ┠─▸│ ✓ Triage agent runs ├─▸║   outcome ║                               │   agent runs     │◂┐│   agent runs  │  │   agent runs   │  │   and verification output │ │
┗━━━━━━━━━━━━━━━━━━━━━┛  ╰─────────────────────╯  ╚══════╤════╝                               ╰──────────────────╯ │╰───────────────╯  ╰────────────────╯  ╰──────────────┬────────────╯ │
           ▴                         ▴                   │                                                         │                                                      │              │
           │      ╭────────────────╮ │                   │                                                         └───[ Approved ]───────────────┐                       │              │
           └──────┤   Factory loop │ │╭────────────────╮ │                           ╔════════════╗  ╭──────────────╮                             │                       ▾              │
                  │   continues    │◂─┤   Create issue │◂───[ Yes - create issue ]─┬─╢   Issue    ║◂─┤   Monitoring │  ╭───────────╮  ╭─────────╮ │                 ╔══════════════════╗ │
                  ╰────────────────╯ │╰────────────────╯ │                         │ ║   detected ║  │   agent runs │◂─┤   Ship it │◂─┤   CI/CD │◂───[ Approved ]───╢   Ready to ship? ╟─┘
                                     │                   │                         │ ╚════════════╝  ╰──────────────╯  ╰───────────╯  ╰─────────╯ │                 ╚══════════════════╝
                                     │  ┏━━━━━━━━━━━━━━┓ │                         │                                                              │
                                     │  ┃   Continue   ┃◂───[ No ]─────────────────┘                                                              │
                                     │  ┃   monitoring ┃ │                                                                                        │
                                     │  ┗━━━━━━━━━━━━━━┛ │                                              ┌───[ Needs revision ]────────────────────┴────┐
                                     │                   │                                              ▾                                              │
                                     │                   │                                    ╭───────────────────╮                         ╭──────────┴───────────╮
                                     │                   ├───[ Needs specs ]─────────────────▸│   Spec agent runs ├────────────────────────▸│   Human review specs │
                                     │                   │                                    ╰───────────────────╯                         ╰──────────────────────╯
                                     └─────────────────────────────────────────────────────────┐
                                                         │                                    ╭┴───────────────────────╮
                                                         ├───[ Needs human clarifi… ]────────▸│   Human provides input │
                                                         │                                    ╰────────────────────────╯
                                                         │
                                                         │                                    ┏━━━━━━━━━━━━━━━━━━━━━━┓
                                                         └───[ Park for now ]────────────────▸┃   Park issue for now ┃
                                                                                              ┗━━━━━━━━━━━━━━━━━━━━━━┛
