                     +---------------------------------------------------------------------------------------------------------------------------------------------------------------------------------------------------------------------------------------------------------------------------------------------------------------------------------------------+
                     |                                                                                                                                                                                                                                                                                                                                             |
                     |                                                                                              +---[ Not ready ]------------------------------------------------------------------+                                                                                                                                                          ++---------------+
                     |                                                                                              v                                                                                  |                                                                     +--------------+    +============+                             +----------------+    |   Factory loop |
                     v                                +===========+                               +------------------+    +---------------+    +----------------+    +---------------------------+    ++=================+                   +---------+    +-----------+    |   Monitoring +--->|   Issue    +-+-[ Yes - create issue ]--->|   Create issue +--->|   continues    |
#---------------------#    +---------------------+    | * Triage  +-+-[ Automat-able ]----------->| > Implementation +--->|   Code review +--->|   Verification +--->|   Human reviews code      +--->|   Ready to ship? +---[ Approved ]--->|   CI/CD +--->|   Ship it +--->|   agent runs |    |   detected | |                           +----------------+    +----------------+
| * New task or issue +--->| * Triage agent runs +--->|   outcome | |                             |   agent runs     |    |   agent runs  |    |   agent runs   |    |   and verification output |    +==================+                   +---------+    +-----------+    +--------------+    +============+ |
#---------------------#    +---------------------+    +===========+ |                             +------------------+    +---------------+    +----------------+    +---------------------------+                                                                                                              |
                                                ^                   |                                               ^                                                                                                                                                                                           |                           #--------------#
                                                |                   |                                               +---[ Approved ]-------------+                                                                                                                                                              +---[ No ]----------------->|   Continue   |
                                                |                   |                                                                            |                                                                                                                                                                                          |   monitoring |
                                                |                   |                                                                            |                                                                                                                                                                                          #--------------#
                                                |                   |                                                +---[ Needs revision ]------+
                                                |                   |                                                v                           |
                                                |                   |                             +-------------------+                         ++---------------------+
                                                |                   +---[ Needs specs ]---------->|   Spec agent runs +------------------------>|   Human review specs |
                                                |                   |                             +-------------------+                         +----------------------+
                                                |                   |
                                                +--------------------------------------------------+
                                                                    |                             ++-----------------------+
                                                                    +---[ Needs human clari... ]->|   Human provides input |
                                                                    |                             +------------------------+
                                                                    |
                                                                    |
                                                                    |                             #----------------------#
                                                                    +---[ Park for now ]--------->|   Park issue for now |
                                                                                                  #----------------------#
