       ┏━━━━━━━━━━━━━━━┓
       ┃ ✓ New task or ┃
┌─────▸┃   issue       ┃
│      ┗━━━━━━┯━━━━━━━━┛
│             ▾
│     ╭────────────────╮
│     │ ✓ Triage agent │
│     │   runs         │◂──────────────────────────────────────┐
│     ╰───────┬────────╯                                       │
│             ▾                                                │
│       ╔═══════════╗                                          │
│       ║ ✓ Triage  ╟─┬─[ Needs human… ]─────────────────────┐ │
│       ║   outcome ╟─┼─[ Needs specs ]───┐                  │ │
│       ╚═════╤═════╝ │                   │                  │ │
│             │       └───────────────────┼─[ Park for now ]─┼─│─────────────┐
│     [ Automat-able ]                    │                  │ │             │
│             │                           │                  │ │             │
│             ▾                           ▾                  ▾ │             ▾
│   ╭──────────────────╮                 ╭──────────────╮   ╭──┴─────────╮  ┏━━━
│   │ ▸ Implementation │                 │   Spec agent │   │   Human    │  ┃   
│ ┌▸│   agent runs     │◂──┐             │   runs       │   │   provides │  ┃   
│ │ ╰────────┬─────────╯   │             ╰──────┬───────╯   │   input    │  ┗━━━
│ │          ▾             │                  ▴ │           ╰────────────╯
│ │  ╭───────────────╮     │ [ Approved ]     │ │
