     ┏━━━━━━━━━━━━━━━┓
     ┃ ✓ New task or ┃
     ┃   issue       ┃◂──┐
     ┗━━━━━━┯━━━━━━━━┛   │
            ▾            │
    ╭────────────────╮   │
    │ ✓ Triage agent │   │
    │   runs         │◂──│───────────────────────────────────────────────────────────────────────────┐
    ╰───────┬────────╯   │                                                                           │
            ▾            │ ┌─────────────────┐                                                       │
      ╔═══════════╗      │ │                 │                                                       │
      ║ ✓ Triage  ║      │ │                 │                                                       │
      ║   outcome ╟──────│─┴─[ Needs specs ]─┴──────────────────────────────┬───[ Needs human c… ]─┐ │
      ╚═════╤═════╝      │                                                  │                      │ │
            │            │           ╭────────────────╮                     │                      │ │
    [ Automat-able ]     └───────────┤   Factory loop │                     │                      │ │
            │                        │   continues    │                     ├──────────────────────┼─│──[ Park for now ]─┐
            ▾                        ╰────────────────╯                     ▾                      ▾ │                   ▾
  ╭──────────────────╮                       ▴           ┏━━━━━━━━━━━━━━┓  ╭───────────────────╮  ╭──┴───────────────╮  ┏━━━━━━━━━━━━━━━━━━┓
  │ ▸ Implementation │◂─────┐        ╭───────┴────────╮  ┃   Continue   ┃  │   Spec agent runs │  │   Human provides │  ┃   Park issue for ┃
  │   agent runs     │◂┐    │        │   Create issue │  ┃   monitoring ┃  ╰────────┬──────────╯  │   input          │  ┃   now            ┃
  ╰────────┬─────────╯ │    │        ╰────────────────╯  ┗━━━━━━━━━━━━━━┛           │ ▴           ╰──────────────────╯  ┗━━━━━━━━━━━━━━━━━━┛
           ▾           │    │                ▴            ▴                         │ │
   ╭───────────────╮   │    └───[ Approved ]─│────────────│───┐                     │ │ [ Needs revision ]
   │   Code review │   │             [ Yes - create… ] [ No ] │                     ▾ │
   │   agent runs  │   │                     │            │   │             ╭─────────┴──────╮
   ╰──────┬────────╯   │               ╔═════╧══════╗     │   └─────────────┤   Human review │
          ▾            │               ║   Issue    ╟─────┘                 │   specs        │
  ╭────────────────╮   │               ║   detected ║                       ╰────────────────╯
  │   Verification │   │               ╚════════════╝
  │   agent runs   │   │ [ Not ready ]       ▴
  ╰───────┬────────╯   │              ╭──────┴───────╮
          ▾            │              │   Monitoring │
╭────────────────────╮ │              │   agent runs │
│   Human reviews    │ │              ╰──────────────╯
│   code             │ │                     ▴
│   and verification │ │                ╭────┴──────╮
│   output           │ │                │   Ship it │
╰─────────┬──────────╯ │                ╰───────────╯
          ▾            │                      ▴
 ╔══════════════════╗  │                 ╭────┴────╮
 ║   Ready to ship? ╟──┴───[ Approved ]─▸│   CI/CD │
 ╚══════════════════╝                    ╰─────────╯
