       ┏━━━━━━━━━━━━━━━┓
       ┃ ✓ New task or ┃
┌─────▸┃   issue       ┃
│      ┗━━━━━━┯━━━━━━━━┛
│             ▾
│     ╭────────────────╮
│     │ ✓ Triage agent │
│     │   runs         │◂──────────────────────────────────────────┐
│     ╰───────┬────────╯                                           │
│             ▾                                                    │
│       ╔═══════════╗                                              │
│       ║ ✓ Triage  ║                                              │
│       ║   outcome ╟──────────────┬───[ Needs human c… ]────────┐ │
│       ╚═════╤═════╝              │                             │ │
│             │                    │                             │ │
│     [ Automat-able ]             ├───────────────────────────────│──[ Park for
│             │             [ Needs specs ]                      │ │
│             ▾                    │                             ▾ │
│   ╭──────────────────╮           │     ╭───────────────────╮  ╭──┴────────────
│   │ ▸ Implementation │◂───┐      └────▸│   Spec agent runs │  │   Human provid
│   │   agent runs     │◂┐  │            ╰────────┬──────────╯  │   input       
│   ╰────────┬─────────╯ │  │                     │ ▴           ╰───────────────
│            ▾           │  │ [ Approved ]        │ │
│    ╭───────────────╮   │  │                     │ │ [ Needs revision ]
