                                                      ╔═══════════╗                               ╭──────────────────╮  ╭───────────────╮  ╭────────────────╮
    ┏━━━━━━━━━━━━━━━━━━━━━┓  ╭─────────────────────╮  ║ ✓ Triage  ║                          ┌───►│ ▸ Implementation ├─►│   Code review ├─►│   Verification │
    ┃ ✓ New task or issue ┠─►│ ✓ Triage agent runs ├─►║   outcome ╟─┬─[ Automat-able ]───────────►│   agent runs     │  │   agent runs  │  │   agent runs   │
    ┗━━━━━━━━━━━━━━━━━━━━━┛  ╰─────────────────────╯  ╚═══════════╝ │                        │    ╰──────────────────╯  ╰───────────────╯  ╰───────┬────────╯
                  ▲                     ▲                           │                        │           ▲                                         │
    ╔════════════╗└─────────────┐       │  ╭──────────────╮         └──────┐                 │           │ [ Not ready ]                           ▼
┌───╢   Issue    ║              │       │  │   Monitoring │  ╭───────────╮ │╭─────────╮      │           │╔══════════════════╗  ╭───────────────────────────╮
│   ║   detected ║◄─────────────│──────────┤   agent runs │◄─┤   Ship it │◄─┤   CI/CD │      │           └╢   Ready to ship? ║◄─┤   Human reviews code      │
│   ╚═══════╤════╝              │       │  ╰──────────────╯  ╰───────────╯ │╰─────────╯      │            ╚════════╤═════════╝  │   and verification output │
│           │                   │       └──┐                               │     ▲           │                     │            ╰───────────────────────────╯
│[ Yes - create issue ]         │          │                               │     └───────────────[ Approved ]──────┘
│           │                   │          │                               │           [ Approved ]
│ [ No ]    ▼           ╭───────┴────────╮ │                               │                 │
│   ╭────────────────╮  │   Factory loop │ │                               │                 │
│   │   Create issue ├─►│   continues    │ │                               │                 │    ╭───────────────────╮
│   ╰────────────────╯  ╰────────────────╯ │                               ├─[ Needs specs ]─│───►│   Spec agent runs │
│                                          │                               │                 │    ╰────────┬──────────╯
│                                          │                               │                 │             │ ▲
│                                          │                               │                 │             │ │
│                                          │                               │                 │             │ │ [ Needs revision ]
│   ┏━━━━━━━━━━━━━━┓                       │                               ├──────────────┐  │             ▼ │
└──►┃   Continue   ┃                       │                   [ Needs human clarifi… ]   │  │ ╭─────────────┴────────╮
    ┃   monitoring ┃                       │                               │              │  └─┤   Human review specs │
    ┗━━━━━━━━━━━━━━┛                       │                               │              │    ╰──────────────────────╯
                                           └───────────────────────────────────────────────────────┐
                                                                           │              │       ╭┴───────────────────────╮
                                                                           └──────────────│──────►│   Human provides input │
                                                                                          │       ╰────────────────────────╯
                                                                                  [ Park for now ]
                                                                                          │       ┏━━━━━━━━━━━━━━━━━━━━━━┓
                                                                                          └──────►┃   Park issue for now ┃
                                                                                                  ┗━━━━━━━━━━━━━━━━━━━━━━┛
