                                                                                                           ┌───[ Approved ]────────────────────────────────┐
                                                                                                           ▾                                               │
                                                      ╔═══════════╗                               ╭──────────────────╮     ╭───────────────╮               │
┏━━━━━━━━━━━━━━━━━━━━━┓    ╭─────────────────────╮    ║ ✓ Triage  ╟─┬─[ Automat-able ]───────────▸│ ▸ Implementation ├────▸│   Code review │               │
┃ ✓ New task or issue ┠───▸│ ✓ Triage agent runs ├───▸║   outcome ║ │                             │   agent runs     │     │   agent runs  │               │
┗━━━━━━━━━━━━━━━━━━━━━┛    ╰─────────────────────╯    ╚═══════════╝ │                             ╰──────────────────╯     ╰───────┬───────╯               │
        ▴                                   ▴                       │                                      ▴                       │                       │
        │                                   │                       │                                      │                       ▾                       │
╭───────┴────────╮                          │                       │                                      │              ╭────────────────╮               │
│   Factory loop │◂┐                        │                       │                                      │              │   Verification │               │
│   continues    │ │                        │                       │                                      │              │   agent runs   │               │
╰────────────────╯ │                        │                       │                                      │              ╰───────┬────────╯               │
                   │                        │                       │                                      │                      │                        │
                   │                        │                       │                                [ Not ready ]                ▾                        │
                   │                        │                       │                                      │        ╭───────────────────────────╮          │
                   │                        │                       │                                      │        │   Human reviews code      │          │
                   │                        │                       │                                      │        │   and verification output │          │
                   │                        │                       │                                      │        ╰─────────────┬─────────────╯          │
                   │                        │                       │                                      │                      │                        │
                   │  ╭────────────────╮    │                       │                                      │                      ▾                        │
                   └──┤   Create issue │◂─┐ │                       │                                      │            ╔══════════════════╗               │
                      ╰────────────────╯  │ │                       │                                      └────────────╢   Ready to ship? ║               │
                                          │ │                       │                                                   ╚════════╤═════════╝               │
                                          │ │                       │                                                            │                         │
                                          │ │                       └───────────────┐                                      [ Approved ]                    │
                                          │ │                                       │                                            │                         │
                                          │ │                        ╔════════════╗ │  ╭──────────────╮                          ▾                         │
                                          └───[ Yes - create issue ]─╢   Issue    ║◂───┤   Monitoring │    ╭───────────╮    ╭─────────╮                    │
                                            │                        ║   detected ║ │  │   agent runs │◂───┤   Ship it │◂───┤   CI/CD │                    │
                                            └────────────┐           ╚═════╤══════╝ │  ╰──────────────╯    ╰───────────╯    ╰─────────╯                    │
                                                         │                 │        │                                                                      │
                                                         │                 │        │                                                                      │
                                                         │                 │        │                                                                      │
                                                         │                 │┌───────┼──────────┐                                                           │
                                        ┏━━━━━━━━━━━━━━┓ │                 ││[ Needs specs ]   │                                                           │
                                        ┃   Continue   ┃◂───[ No ]─────────┘│       │          │                                                           │
                                        ┃   monitoring ┃ │                  │       │          │                                                           │
                                        ┗━━━━━━━━━━━━━━┛ │                  │       │          │                                                           │
                                                         │                  │       │          │            ┌───[ Needs revision ]─────────────────────────┤
                                                         │                  │       │          │            ▾                                              │
                                                         │                  │       │          │  ╭───────────────────╮                         ╭──────────┴───────────╮
                                                         │                  │       └──────────│─▸│   Spec agent runs ├────────────────────────▸│   Human review specs │
                                                         │                  │                  │  ╰───────────────────╯                         ╰──────────────────────╯
                                                         │                  │                  │
                                                         │                  │      [ Needs human clarifi… ]
                                                         │                  │                  │  ╭────────────────────────╮
                                                         │                  │                  └─▸│   Human provides input │
                                                         │                  │                     ╰───┬────────────────────╯
                                                         └────────────────────────────────────────────┘
                                                                            │
                                                                            │                     ┏━━━━━━━━━━━━━━━━━━━━━━┓
                                                                            └───[ Park for now ]─▸┃   Park issue for now ┃
                                                                                                  ┗━━━━━━━━━━━━━━━━━━━━━━┛
