#---------------------#    +--------------+    +===========+                      +--------------+
| * New task or issue +--->| * Triage     +--->| * Triage  +---[ Automat-able ]-->| > Implement  |
#---------------------#    |   agent runs |    |   outcome |                      |   agent runs |
                           +--------------+    +=====+=====+                      +--------------+
                                  ^                  |
                                  |                  |                            +---------------+
                                  |                  +---[ Needs human ]--------->|   Human input |
                                  |                  |                            +-------+-------+
                                  +-------------------------------------------------------+
                                                     |                            +--------+
                                                     +---[ Park for now ]-------->|   Park |+
                                                                                  +--------+|
                                                                                   +--------+
