[32m┏━━━━━━━━━━━━━━━━━━━━━┓[0m    [32m╭──────────────╮[0m    [32m╔═══════════╗[0m                      [1;36m╭──────────────╮[0m
[32m┃[0m [32m✓[0m New task or issue [32m┠[0m[32m───[0m[32m►[0m[32m│[0m [32m✓[0m Triage     [32m├[0m[32m───[0m[32m►[0m[32m║[0m [32m✓[0m Triage  [32m╟[0m[32m───[0m[1;32m[ Automat-able ][0m[32m──[0m[32m►[0m[1;36m│[0m[1m [0m[36m▸[0m[1m Implement  [0m[1;36m│[0m
[32m┗━━━━━━━━━━━━━━━━━━━━━┛[0m    [32m│[0m   agent runs [32m│[0m    [32m║[0m   outcome [32m║[0m                      [1;36m│[0m[1m   agent runs [0m[1;36m│[0m
                           [32m╰──────────────╯[0m    [32m╚═════╤═════╝[0m                      [1;36m╰──────────────╯[0m
                                  [90m▲[0m                  [90m│[0m
                                  [90m│[0m                  [90m│[0m                            ╭───────────────╮
                                  [90m│[0m                  [90m├───[0m[34m[ Needs human ][0m[90m─────────[0m[90m►[0m│   Human input │
                                  [90m│[0m                  [90m│[0m                            ╰───────┬───────╯
                                  [90m└───────────────────────────────────────────────────────┘[0m
                                                     [90m│[0m                            ╭────────╮
                                                     [90m└───[0m[34m[ Park for now ][0m[90m────────[0m[90m►[0m│   Park │╮
                                                                                  ╰────────╯│
                                                                                   ╰────────╯
